SPHello OS - Lab 5: Process Management
bd: memory sz is 134008832 bytes; allocate size array length 21
bd: 0x33000 bytes unavailable
Trap system initialized
Timer initialized with interval 50000
virtio probe: magic=0x74726976 version=2 device=2 vendor=0x554d4551
recover: done
init: starting tests
testfs_basic: PASS
testprocess: done
init: testprocess exited with 0
testfs_link: PASS
init: testsyscall2 exited with 0
testfs_dir: PASS
init: testcow exited with 0
testfs_concurrent: PASS
init: testsbrkbench exited with 0
perf_small_files: 16 files in 3290460 ticks
perf_large_file: 256KB in 27165521 ticks
testfs_perf: DONE
init: testfsperf exited with 0
init: all tests finished
