SPHello OS - Lab 5: Process Management
bd: memory sz is 134008832 bytes; allocate size array length 21
bd: 0x33000 bytes unavailable
Trap system initialized
Timer initialized with interval 50000
virtio probe: magic=0x74726976 version=2 device=2 vendor=0x554d4551
recover: done
init: starting tests
testfs_basic: PASS
testprocess: done
init: testprocess exited with 0
testfs_link: PASS
init: testsyscall2 exited with 0
testfs_dir: PASS
init: testcow exited with 0
testfs_concurrent: PASS
init: testsbrkbench exited with 0
perf_small_files: 16 files in 3607704 ticks
Exception: cause=0xc, epc=0x8002be48, tval=0x8002be48, nested=1
  Type: Instruction page fault
Page fault occurred:
  Fault address: 0x8002be48
  Instruction address: 0x8002be48
  Cause: 0xc
  Attempting to map page at 0x8002b000
  Allocated physical page at 0x87f4e000
panic: mappages: remap
